🚀 Running tests... (full output logged to /home/zahary/blocksense/agents-workflow/main/test/logs/test_run_20250920_102549.log)

