---
source: crates/ah-mux/src/tmux.rs
expression: snapshot
---
[?25h[m[H[J                       │echo 'agent pane'
           [12C│[3;24H│
[36;1m/tmp[m via [31;1m💎 [11C[m│
[32;1m❯[m [32mecho[m [33m'editor pane'[3C[m│
editor pane[12C│[7;24H│
[36;1m/tmp[m via [31;1m💎 [11C[m│
[32;1m❯[m [21C│[10;24H[32m├────────────────────────────────────────────────────────[11;24H│[mecho 'logs pane'[12;24H[32m│[13;24H│[14;24H│[15;24H│[16;24H│[17;24H│[18;24H│[19;24H│[20;24H│[21;24H│[22;24H│[23;24H│
[30;42m[test-comp0:zsh- 1:complex-layout-008*                 "home-pc" 23:26 28-Sep-25[12;25H[m
