┌Project Filter────────────────────────────────────────────────────────────────┐
│Project                                                                       │
│>> Demo Project 1                                                             │
└──────────────────────────────────────────────────────────────────────────────┘
┌Repository Filter─────────────────────────────────────────────────────────────┐
│Repository                                                                    │
│>> demo/repo1                                                                 │
└──────────────────────────────────────────────────────────────────────────────┘
┌Agent Filter──────────────────────────────────────────────────────────────────┐
│Agent                                                                         │
│>> claude-code                                                                │
└──────────────────────────────────────────────────────────────────────────────┘
┌Task Description (Ctrl+Up/Down to resize)─────────────────────────────────────┐
│                                                                              │
│                                                                              │
│                                                                              │
└──────────────────────────────────────────────────────────────────────────────┘
┌──────────────────────────────────────────────────────────────────────────────┐
│Tab Next • ↑↓ Navigate • Type Filter • Ctrl+C Quit                            │
│                                                                              │
└──────────────────────────────────────────────────────────────────────────────┘
                                                                                
                                                                                
                                                                                